// Jest Snapshot v1, https://goo.gl/fbAQLP

exports[`renders the create form component 1`] = `
Object {
  "asFragment": [Function],
  "baseElement": <body>
    <div>
      <div
        class="posts"
      >
        <h4>
          Edit
        </h4>
        <label>
          Tumbnail
        </label>
        <br />
        <img
          alt="post"
          class="img-thumbnail"
          height="100"
          src=""
          width="100"
        />
        <form>
          <div
            class="form-group"
          >
            <label>
              Title
            </label>
            <input
              class="form-control"
              name="title"
              value=""
            />
          </div>
          <div
            class="form-group"
          >
            <label>
              Content
            </label>
            <input
              class="form-control"
              name="content"
              value=""
            />
          </div>
          <div
            class="form-group"
          >
            <label>
              Latitude
            </label>
            <input
              class="form-control"
              name="lat"
              value=""
            />
          </div>
          <div
            class="form-group"
          >
            <label>
              Longitude
            </label>
            <input
              class="form-control"
              name="long"
              value=""
            />
          </div>
          <div
            class="form-group"
          >
            <label>
              Image url
            </label>
            <input
              class="form-control"
              name="image_url"
              value=""
            />
          </div>
          <div
            class="container"
          >
            <div
              class="row"
            >
              <div
                class="col-11"
              >
                <button
                  class="btn btn-secondary"
                  type="button"
                >
                  Back
                </button>
              </div>
              <div
                class="col-1"
              >
                <button
                  class="btn btn-primary"
                  disabled=""
                  type="button"
                >
                  Submit
                </button>
              </div>
            </div>
          </div>
        </form>
      </div>
    </div>
  </body>,
  "container": <div>
    <div
      class="posts"
    >
      <h4>
        Edit
      </h4>
      <label>
        Tumbnail
      </label>
      <br />
      <img
        alt="post"
        class="img-thumbnail"
        height="100"
        src=""
        width="100"
      />
      <form>
        <div
          class="form-group"
        >
          <label>
            Title
          </label>
          <input
            class="form-control"
            name="title"
            value=""
          />
        </div>
        <div
          class="form-group"
        >
          <label>
            Content
          </label>
          <input
            class="form-control"
            name="content"
            value=""
          />
        </div>
        <div
          class="form-group"
        >
          <label>
            Latitude
          </label>
          <input
            class="form-control"
            name="lat"
            value=""
          />
        </div>
        <div
          class="form-group"
        >
          <label>
            Longitude
          </label>
          <input
            class="form-control"
            name="long"
            value=""
          />
        </div>
        <div
          class="form-group"
        >
          <label>
            Image url
          </label>
          <input
            class="form-control"
            name="image_url"
            value=""
          />
        </div>
        <div
          class="container"
        >
          <div
            class="row"
          >
            <div
              class="col-11"
            >
              <button
                class="btn btn-secondary"
                type="button"
              >
                Back
              </button>
            </div>
            <div
              class="col-1"
            >
              <button
                class="btn btn-primary"
                disabled=""
                type="button"
              >
                Submit
              </button>
            </div>
          </div>
        </div>
      </form>
    </div>
  </div>,
  "debug": [Function],
  "findAllByAltText": [Function],
  "findAllByDisplayValue": [Function],
  "findAllByLabelText": [Function],
  "findAllByPlaceholderText": [Function],
  "findAllByRole": [Function],
  "findAllByTestId": [Function],
  "findAllByText": [Function],
  "findAllByTitle": [Function],
  "findByAltText": [Function],
  "findByDisplayValue": [Function],
  "findByLabelText": [Function],
  "findByPlaceholderText": [Function],
  "findByRole": [Function],
  "findByTestId": [Function],
  "findByText": [Function],
  "findByTitle": [Function],
  "getAllByAltText": [Function],
  "getAllByDisplayValue": [Function],
  "getAllByLabelText": [Function],
  "getAllByPlaceholderText": [Function],
  "getAllByRole": [Function],
  "getAllByTestId": [Function],
  "getAllByText": [Function],
  "getAllByTitle": [Function],
  "getByAltText": [Function],
  "getByDisplayValue": [Function],
  "getByLabelText": [Function],
  "getByPlaceholderText": [Function],
  "getByRole": [Function],
  "getByTestId": [Function],
  "getByText": [Function],
  "getByTitle": [Function],
  "queryAllByAltText": [Function],
  "queryAllByDisplayValue": [Function],
  "queryAllByLabelText": [Function],
  "queryAllByPlaceholderText": [Function],
  "queryAllByRole": [Function],
  "queryAllByTestId": [Function],
  "queryAllByText": [Function],
  "queryAllByTitle": [Function],
  "queryByAltText": [Function],
  "queryByDisplayValue": [Function],
  "queryByLabelText": [Function],
  "queryByPlaceholderText": [Function],
  "queryByRole": [Function],
  "queryByTestId": [Function],
  "queryByText": [Function],
  "queryByTitle": [Function],
  "rerender": [Function],
  "unmount": [Function],
}
`;
